awesome
bat
build-essential
cmake
cmark
curl
dhelp
dict
dictd
dict-freedict-eng-ara
dict-freedict-jpn-eng
dict-gcide
dict-wn
dochelp
docker-ce
dvtm
dwm
dwww
elinks
emacs
fcitx5
fcitx5-m17n
fcitx5-mozc
feh
flatpak
fonts-dejima-mincho
fonts-hosny-*
fonts-kaushanscript
fonts-noto-cjk
fortune-mod
gawk
geany
geany-plugin-vimode
gh
glow
gnuplot
gnuplot-doc
httrack
imagemagick
info
jwm
kdrill
libfribidi-*
libharfbuzz-dev
libx11-dev
libxft-dev
libxinerama-dev
links
lynx
make-doc
manpages-posix
mecab*
nemo
nodejs
npm
pandoc
pasystray
pcmanfm
polybar
python3-full
python3-pip
python3-pynvim
rlfe
rofi
screen
scrot
sdcv
socat
source-highlight
spectrwm
stalonetray
stterm
suckless-tools
sxhkd
tcl
tcl8.6
tcl8.6-doc
tesseract-ocr-jpn*
texlive
texlive-luatex
tmux
universal-ctags
vim
vim-ale
vim-gtk3
vlc
volumeicon-alsa
w3m
wget2
wine32
wine64
wmctrl
xclip
xdotool
xsel
xserver-xephyr
yq
zathura
zathura*
zeal
